// Jest Snapshot v1, https://goo.gl/fbAQLP

exports[`<RoomListPage> with rooms matches to snapshot 1`] = `
ShallowWrapper {
  Symbol(enzyme.__root__): [Circular],
  Symbol(enzyme.__unrendered__): <RoomListPage
    connectUserRooms={
      [MockFunction] {
        "calls": Array [
          Array [
            "",
          ],
        ],
        "results": Array [
          Object {
            "isThrow": false,
            "value": [MockFunction],
          },
        ],
      }
    }
    userId=""
    userRooms={
      Array [
        Object {
          "createdAt": Object {
            "toDate": [Function],
          },
          "id": "",
          "name": "Draft room",
          "status": 0,
          "textbookContent": "",
          "updatedAt": Object {
            "toDate": [Function],
          },
          "userId": "",
        },
        Object {
          "createdAt": Object {
            "toDate": [Function],
          },
          "id": "",
          "name": "Public room",
          "status": 1,
          "textbookContent": "",
          "updatedAt": Object {
            "toDate": [Function],
          },
          "userId": "",
        },
        Object {
          "createdAt": Object {
            "toDate": [Function],
          },
          "id": "",
          "name": "Active room",
          "status": 2,
          "textbookContent": "",
          "updatedAt": Object {
            "toDate": [Function],
          },
          "userId": "",
        },
      ]
    }
  />,
  Symbol(enzyme.__renderer__): Object {
    "batchedUpdates": [Function],
    "checkPropTypes": [Function],
    "getNode": [Function],
    "render": [Function],
    "simulateError": [Function],
    "simulateEvent": [Function],
    "unmount": [Function],
  },
  Symbol(enzyme.__node__): Object {
    "instance": null,
    "key": undefined,
    "nodeType": "function",
    "props": Object {
      "children": Array [
        <h1>
          Room list
        </h1>,
        <p>
          <Link
            to="/rooms/new"
          >
            Create new room
          </Link>
        </p>,
        <p>
          <Emoji
            label="Lock"
          />
           Draft / 
          <Emoji
            label="White Heavy Check Mark"
          />
           Public room / 
          <Emoji
            label="Fire"
          />
           Active room
        </p>,
        <table>
          <tbody>
            <RoomListItem
              room={
                Object {
                  "createdAt": Object {
                    "toDate": [Function],
                  },
                  "id": "",
                  "name": "Draft room",
                  "status": 0,
                  "textbookContent": "",
                  "updatedAt": Object {
                    "toDate": [Function],
                  },
                  "userId": "",
                }
              }
            />
            <RoomListItem
              room={
                Object {
                  "createdAt": Object {
                    "toDate": [Function],
                  },
                  "id": "",
                  "name": "Public room",
                  "status": 1,
                  "textbookContent": "",
                  "updatedAt": Object {
                    "toDate": [Function],
                  },
                  "userId": "",
                }
              }
            />
            <RoomListItem
              room={
                Object {
                  "createdAt": Object {
                    "toDate": [Function],
                  },
                  "id": "",
                  "name": "Active room",
                  "status": 2,
                  "textbookContent": "",
                  "updatedAt": Object {
                    "toDate": [Function],
                  },
                  "userId": "",
                }
              }
            />
          </tbody>
        </table>,
      ],
    },
    "ref": null,
    "rendered": Array [
      Object {
        "instance": null,
        "key": undefined,
        "nodeType": "host",
        "props": Object {
          "children": "Room list",
        },
        "ref": null,
        "rendered": "Room list",
        "type": "h1",
      },
      Object {
        "instance": null,
        "key": undefined,
        "nodeType": "host",
        "props": Object {
          "children": <Link
            to="/rooms/new"
          >
            Create new room
          </Link>,
        },
        "ref": null,
        "rendered": Object {
          "instance": null,
          "key": undefined,
          "nodeType": "class",
          "props": Object {
            "children": "Create new room",
            "to": "/rooms/new",
          },
          "ref": null,
          "rendered": "Create new room",
          "type": [Function],
        },
        "type": "p",
      },
      Object {
        "instance": null,
        "key": undefined,
        "nodeType": "host",
        "props": Object {
          "children": Array [
            <Emoji
              label="Lock"
            />,
            " Draft / ",
            <Emoji
              label="White Heavy Check Mark"
            />,
            " Public room / ",
            <Emoji
              label="Fire"
            />,
            " Active room",
          ],
        },
        "ref": null,
        "rendered": Array [
          Object {
            "instance": null,
            "key": undefined,
            "nodeType": "function",
            "props": Object {
              "label": "Lock",
            },
            "ref": null,
            "rendered": null,
            "type": [Function],
          },
          " Draft / ",
          Object {
            "instance": null,
            "key": undefined,
            "nodeType": "function",
            "props": Object {
              "label": "White Heavy Check Mark",
            },
            "ref": null,
            "rendered": null,
            "type": [Function],
          },
          " Public room / ",
          Object {
            "instance": null,
            "key": undefined,
            "nodeType": "function",
            "props": Object {
              "label": "Fire",
            },
            "ref": null,
            "rendered": null,
            "type": [Function],
          },
          " Active room",
        ],
        "type": "p",
      },
      Object {
        "instance": null,
        "key": undefined,
        "nodeType": "host",
        "props": Object {
          "children": <tbody>
            <RoomListItem
              room={
                Object {
                  "createdAt": Object {
                    "toDate": [Function],
                  },
                  "id": "",
                  "name": "Draft room",
                  "status": 0,
                  "textbookContent": "",
                  "updatedAt": Object {
                    "toDate": [Function],
                  },
                  "userId": "",
                }
              }
            />
            <RoomListItem
              room={
                Object {
                  "createdAt": Object {
                    "toDate": [Function],
                  },
                  "id": "",
                  "name": "Public room",
                  "status": 1,
                  "textbookContent": "",
                  "updatedAt": Object {
                    "toDate": [Function],
                  },
                  "userId": "",
                }
              }
            />
            <RoomListItem
              room={
                Object {
                  "createdAt": Object {
                    "toDate": [Function],
                  },
                  "id": "",
                  "name": "Active room",
                  "status": 2,
                  "textbookContent": "",
                  "updatedAt": Object {
                    "toDate": [Function],
                  },
                  "userId": "",
                }
              }
            />
          </tbody>,
        },
        "ref": null,
        "rendered": Object {
          "instance": null,
          "key": undefined,
          "nodeType": "host",
          "props": Object {
            "children": Array [
              <RoomListItem
                room={
                  Object {
                    "createdAt": Object {
                      "toDate": [Function],
                    },
                    "id": "",
                    "name": "Draft room",
                    "status": 0,
                    "textbookContent": "",
                    "updatedAt": Object {
                      "toDate": [Function],
                    },
                    "userId": "",
                  }
                }
              />,
              <RoomListItem
                room={
                  Object {
                    "createdAt": Object {
                      "toDate": [Function],
                    },
                    "id": "",
                    "name": "Public room",
                    "status": 1,
                    "textbookContent": "",
                    "updatedAt": Object {
                      "toDate": [Function],
                    },
                    "userId": "",
                  }
                }
              />,
              <RoomListItem
                room={
                  Object {
                    "createdAt": Object {
                      "toDate": [Function],
                    },
                    "id": "",
                    "name": "Active room",
                    "status": 2,
                    "textbookContent": "",
                    "updatedAt": Object {
                      "toDate": [Function],
                    },
                    "userId": "",
                  }
                }
              />,
            ],
          },
          "ref": null,
          "rendered": Array [
            Object {
              "instance": null,
              "key": "",
              "nodeType": "function",
              "props": Object {
                "room": Object {
                  "createdAt": Object {
                    "toDate": [Function],
                  },
                  "id": "",
                  "name": "Draft room",
                  "status": 0,
                  "textbookContent": "",
                  "updatedAt": Object {
                    "toDate": [Function],
                  },
                  "userId": "",
                },
              },
              "ref": null,
              "rendered": null,
              "type": [Function],
            },
            Object {
              "instance": null,
              "key": "",
              "nodeType": "function",
              "props": Object {
                "room": Object {
                  "createdAt": Object {
                    "toDate": [Function],
                  },
                  "id": "",
                  "name": "Public room",
                  "status": 1,
                  "textbookContent": "",
                  "updatedAt": Object {
                    "toDate": [Function],
                  },
                  "userId": "",
                },
              },
              "ref": null,
              "rendered": null,
              "type": [Function],
            },
            Object {
              "instance": null,
              "key": "",
              "nodeType": "function",
              "props": Object {
                "room": Object {
                  "createdAt": Object {
                    "toDate": [Function],
                  },
                  "id": "",
                  "name": "Active room",
                  "status": 2,
                  "textbookContent": "",
                  "updatedAt": Object {
                    "toDate": [Function],
                  },
                  "userId": "",
                },
              },
              "ref": null,
              "rendered": null,
              "type": [Function],
            },
          ],
          "type": "tbody",
        },
        "type": "table",
      },
    ],
    "type": Object {
      "$$typeof": Symbol(react.memo),
      "WrappedComponent": [Function],
      "compare": null,
      "displayName": "Connect(DefaultLayout)",
      "type": [Function],
      Symbol(Symbol.hasInstance): [Function],
    },
  },
  Symbol(enzyme.__nodes__): Array [
    Object {
      "instance": null,
      "key": undefined,
      "nodeType": "function",
      "props": Object {
        "children": Array [
          <h1>
            Room list
          </h1>,
          <p>
            <Link
              to="/rooms/new"
            >
              Create new room
            </Link>
          </p>,
          <p>
            <Emoji
              label="Lock"
            />
             Draft / 
            <Emoji
              label="White Heavy Check Mark"
            />
             Public room / 
            <Emoji
              label="Fire"
            />
             Active room
          </p>,
          <table>
            <tbody>
              <RoomListItem
                room={
                  Object {
                    "createdAt": Object {
                      "toDate": [Function],
                    },
                    "id": "",
                    "name": "Draft room",
                    "status": 0,
                    "textbookContent": "",
                    "updatedAt": Object {
                      "toDate": [Function],
                    },
                    "userId": "",
                  }
                }
              />
              <RoomListItem
                room={
                  Object {
                    "createdAt": Object {
                      "toDate": [Function],
                    },
                    "id": "",
                    "name": "Public room",
                    "status": 1,
                    "textbookContent": "",
                    "updatedAt": Object {
                      "toDate": [Function],
                    },
                    "userId": "",
                  }
                }
              />
              <RoomListItem
                room={
                  Object {
                    "createdAt": Object {
                      "toDate": [Function],
                    },
                    "id": "",
                    "name": "Active room",
                    "status": 2,
                    "textbookContent": "",
                    "updatedAt": Object {
                      "toDate": [Function],
                    },
                    "userId": "",
                  }
                }
              />
            </tbody>
          </table>,
        ],
      },
      "ref": null,
      "rendered": Array [
        Object {
          "instance": null,
          "key": undefined,
          "nodeType": "host",
          "props": Object {
            "children": "Room list",
          },
          "ref": null,
          "rendered": "Room list",
          "type": "h1",
        },
        Object {
          "instance": null,
          "key": undefined,
          "nodeType": "host",
          "props": Object {
            "children": <Link
              to="/rooms/new"
            >
              Create new room
            </Link>,
          },
          "ref": null,
          "rendered": Object {
            "instance": null,
            "key": undefined,
            "nodeType": "class",
            "props": Object {
              "children": "Create new room",
              "to": "/rooms/new",
            },
            "ref": null,
            "rendered": "Create new room",
            "type": [Function],
          },
          "type": "p",
        },
        Object {
          "instance": null,
          "key": undefined,
          "nodeType": "host",
          "props": Object {
            "children": Array [
              <Emoji
                label="Lock"
              />,
              " Draft / ",
              <Emoji
                label="White Heavy Check Mark"
              />,
              " Public room / ",
              <Emoji
                label="Fire"
              />,
              " Active room",
            ],
          },
          "ref": null,
          "rendered": Array [
            Object {
              "instance": null,
              "key": undefined,
              "nodeType": "function",
              "props": Object {
                "label": "Lock",
              },
              "ref": null,
              "rendered": null,
              "type": [Function],
            },
            " Draft / ",
            Object {
              "instance": null,
              "key": undefined,
              "nodeType": "function",
              "props": Object {
                "label": "White Heavy Check Mark",
              },
              "ref": null,
              "rendered": null,
              "type": [Function],
            },
            " Public room / ",
            Object {
              "instance": null,
              "key": undefined,
              "nodeType": "function",
              "props": Object {
                "label": "Fire",
              },
              "ref": null,
              "rendered": null,
              "type": [Function],
            },
            " Active room",
          ],
          "type": "p",
        },
        Object {
          "instance": null,
          "key": undefined,
          "nodeType": "host",
          "props": Object {
            "children": <tbody>
              <RoomListItem
                room={
                  Object {
                    "createdAt": Object {
                      "toDate": [Function],
                    },
                    "id": "",
                    "name": "Draft room",
                    "status": 0,
                    "textbookContent": "",
                    "updatedAt": Object {
                      "toDate": [Function],
                    },
                    "userId": "",
                  }
                }
              />
              <RoomListItem
                room={
                  Object {
                    "createdAt": Object {
                      "toDate": [Function],
                    },
                    "id": "",
                    "name": "Public room",
                    "status": 1,
                    "textbookContent": "",
                    "updatedAt": Object {
                      "toDate": [Function],
                    },
                    "userId": "",
                  }
                }
              />
              <RoomListItem
                room={
                  Object {
                    "createdAt": Object {
                      "toDate": [Function],
                    },
                    "id": "",
                    "name": "Active room",
                    "status": 2,
                    "textbookContent": "",
                    "updatedAt": Object {
                      "toDate": [Function],
                    },
                    "userId": "",
                  }
                }
              />
            </tbody>,
          },
          "ref": null,
          "rendered": Object {
            "instance": null,
            "key": undefined,
            "nodeType": "host",
            "props": Object {
              "children": Array [
                <RoomListItem
                  room={
                    Object {
                      "createdAt": Object {
                        "toDate": [Function],
                      },
                      "id": "",
                      "name": "Draft room",
                      "status": 0,
                      "textbookContent": "",
                      "updatedAt": Object {
                        "toDate": [Function],
                      },
                      "userId": "",
                    }
                  }
                />,
                <RoomListItem
                  room={
                    Object {
                      "createdAt": Object {
                        "toDate": [Function],
                      },
                      "id": "",
                      "name": "Public room",
                      "status": 1,
                      "textbookContent": "",
                      "updatedAt": Object {
                        "toDate": [Function],
                      },
                      "userId": "",
                    }
                  }
                />,
                <RoomListItem
                  room={
                    Object {
                      "createdAt": Object {
                        "toDate": [Function],
                      },
                      "id": "",
                      "name": "Active room",
                      "status": 2,
                      "textbookContent": "",
                      "updatedAt": Object {
                        "toDate": [Function],
                      },
                      "userId": "",
                    }
                  }
                />,
              ],
            },
            "ref": null,
            "rendered": Array [
              Object {
                "instance": null,
                "key": "",
                "nodeType": "function",
                "props": Object {
                  "room": Object {
                    "createdAt": Object {
                      "toDate": [Function],
                    },
                    "id": "",
                    "name": "Draft room",
                    "status": 0,
                    "textbookContent": "",
                    "updatedAt": Object {
                      "toDate": [Function],
                    },
                    "userId": "",
                  },
                },
                "ref": null,
                "rendered": null,
                "type": [Function],
              },
              Object {
                "instance": null,
                "key": "",
                "nodeType": "function",
                "props": Object {
                  "room": Object {
                    "createdAt": Object {
                      "toDate": [Function],
                    },
                    "id": "",
                    "name": "Public room",
                    "status": 1,
                    "textbookContent": "",
                    "updatedAt": Object {
                      "toDate": [Function],
                    },
                    "userId": "",
                  },
                },
                "ref": null,
                "rendered": null,
                "type": [Function],
              },
              Object {
                "instance": null,
                "key": "",
                "nodeType": "function",
                "props": Object {
                  "room": Object {
                    "createdAt": Object {
                      "toDate": [Function],
                    },
                    "id": "",
                    "name": "Active room",
                    "status": 2,
                    "textbookContent": "",
                    "updatedAt": Object {
                      "toDate": [Function],
                    },
                    "userId": "",
                  },
                },
                "ref": null,
                "rendered": null,
                "type": [Function],
              },
            ],
            "type": "tbody",
          },
          "type": "table",
        },
      ],
      "type": Object {
        "$$typeof": Symbol(react.memo),
        "WrappedComponent": [Function],
        "compare": null,
        "displayName": "Connect(DefaultLayout)",
        "type": [Function],
        Symbol(Symbol.hasInstance): [Function],
      },
    },
  ],
  Symbol(enzyme.__options__): Object {
    "adapter": ReactSixteenAdapter {
      "options": Object {
        "enableComponentDidUpdateOnSetState": true,
        "legacyContextMode": "parent",
        "lifecycles": Object {
          "componentDidUpdate": Object {
            "onSetState": true,
          },
          "getChildContext": Object {
            "calledByRenderer": false,
          },
          "getDerivedStateFromProps": true,
          "getSnapshotBeforeUpdate": true,
          "setState": Object {
            "skipsComponentDidUpdateOnNullish": true,
          },
        },
      },
    },
  },
  Symbol(enzyme.__childContext__): null,
}
`;
